{
 declare a0,
 a0 <- (3 * 5),
 declare b1,
 b1 <- ((a0 + 4) * 3),
 print (((a0 / 3) - (2 * b1)) + 7)
}
