{
 a <- (3 * 5),
 b <- ((a + 4) * 3),
 print (((a / 3) - (2 * b)) + 7)
}
