{
 declare a,
 a <- 42,
 print a,
 a <- 21,
 print a
}
