{
 declare a0,
 a0 <- 42,
 print a0,
 a0 <- 21,
 print a0
}
