{
 declare a0,
 a0 <- 42,
 print a0,
 declare a1,
 a1 <- 21,
 print a1
}
